// Jest Snapshot v1, https://goo.gl/fbAQLP

exports[`BaseModal.vue - Single classes renders the component 1`] = `
<div
  class=""
>
  <div
    class=""
  >
    
    <div
      class=""
    >
      <div
        class=""
      >
        <button
          class=""
          icon="Cross"
        >
          <svg
            class=""
            viewBox="0 0 24 24"
            xmlns="http://www.w3.org/2000/svg"
          >
            <path
              clip-rule="evenodd"
              d="M21.2 4.2l-1.4-1.4-7.8 7.8-7.8-7.8-1.4 1.4 7.8 7.8-7.8 7.8 1.4 1.4 7.8-7.8 7.8 7.8 1.4-1.4-7.8-7.8z"
              fill-rule="evenodd"
            />
          </svg>
        </button>
      </div>
      <div
        class=""
      />
      <div
        class=""
      >
        
        Hello World
        
      </div>
      <div
        class=""
      />
    </div>
    
  </div>
</div>
`;
